--------------------------------------------------
Test Run: 2026-08-08 15:01:11
--------------------------------------------------

> test
> jest

sh: jest: command not found
RESULT: FAILED


